[    0.000000] Initializing cgroup subsys cpuset
[    0.000000] Initializing cgroup subsys cpu
[    0.000000] Initializing cgroup subsys cpuacct
[    0.000000] Linux version 4.4.0-92-generic (buildd@lcy01-17) (gcc version 5.4.0 20160609 (Ubuntu 5.4.0-6ubuntu1~16.04.4) ) #115-Ubuntu SMP Thu Aug 10 09:04:33 UTC 2017 (Ubuntu 4.4.0-92.115-generic 4.4.76)
[    0.000000] Command line: BOOT_IMAGE=/boot/vmlinuz-4.4.0-92-generic root=LABEL=cloudimg-rootfs ro console=tty1 console=ttyS0
[    0.000000] KERNEL supported cpus:
[    0.000000]   Intel GenuineIntel
[    0.000000]   AMD AuthenticAMD
[    0.000000]   Centaur CentaurHauls
[    0.000000] x86/fpu: xstate_offset[2]:  576, xstate_sizes[2]:  256
[    0.000000] x86/fpu: Supporting XSAVE feature 0x01: 'x87 floating point registers'
[    0.000000] x86/fpu: Supporting XSAVE feature 0x02: 'SSE registers'
[    0.000000] x86/fpu: Supporting XSAVE feature 0x04: 'AVX registers'
[    0.000000] x86/fpu: Enabled xstate features 0x7, context size is 832 bytes, using 'standard' format.
[    0.000000] x86/fpu: Using 'lazy' FPU context switches.
[    0.000000] e820: BIOS-provided physical RAM map:
[    0.000000] BIOS-e820: [mem 0x0000000000000000-0x000000000009fbff] usable
[    0.000000] BIOS-e820: [mem 0x000000000009fc00-0x000000000009ffff] reserved
[    0.000000] BIOS-e820: [mem 0x00000000000f0000-0x00000000000fffff] reserved
[    0.000000] BIOS-e820: [mem 0x0000000000100000-0x000000003ffeffff] usable
[    0.000000] BIOS-e820: [mem 0x000000003fff0000-0x000000003fffffff] ACPI data
[    0.000000] BIOS-e820: [mem 0x00000000fec00000-0x00000000fec00fff] reserved
[    0.000000] BIOS-e820: [mem 0x00000000fee00000-0x00000000fee00fff] reserved
[    0.000000] BIOS-e820: [mem 0x00000000fffc0000-0x00000000ffffffff] reserved
[    0.000000] NX (Execute Disable) protection: active
[    0.000000] SMBIOS 2.5 present.
[    0.000000] Hypervisor detected: KVM
[    0.000000] e820: last_pfn = 0x3fff0 max_arch_pfn = 0x400000000
[    0.000000] MTRR: Disabled
[    0.000000] x86/PAT: MTRRs disabled, skipping PAT initialization too.
[    0.000000] x86/PAT: Configuration [0-7]: WB  WT  UC- UC  WB  WT  UC- UC  
[    0.000000] CPU MTRRs all blank - virtualized system.
[    0.000000] found SMP MP-table at [mem 0x0009fff0-0x0009ffff] mapped at [ffff88000009fff0]
[    0.000000] Scanning 1 areas for low memory corruption
[    0.000000] RAMDISK: [mem 0x36ac8000-0x3755bfff]
[    0.000000] ACPI: Early table checksum verification disabled
[    0.000000] ACPI: RSDP 0x00000000000E0000 000024 (v02 VBOX  )
[    0.000000] ACPI: XSDT 0x000000003FFF0030 00003C (v01 VBOX   VBOXXSDT 00000001 ASL  00000061)
[    0.000000] ACPI: FACP 0x000000003FFF00F0 0000F4 (v04 VBOX   VBOXFACP 00000001 ASL  00000061)
[    0.000000] ACPI: DSDT 0x000000003FFF0470 0021C8 (v02 VBOX   VBOXBIOS 00000002 INTL 20100528)
[    0.000000] ACPI: FACS 0x000000003FFF0200 000040
[    0.000000] ACPI: FACS 0x000000003FFF0200 000040
[    0.000000] ACPI: APIC 0x000000003FFF0240 000054 (v02 VBOX   VBOXAPIC 00000001 ASL  00000061)
[    0.000000] ACPI: SSDT 0x000000003FFF02A0 0001CC (v01 VBOX   VBOXCPUT 00000002 INTL 20100528)
[    0.000000] No NUMA configuration found
[    0.000000] Faking a node at [mem 0x0000000000000000-0x000000003ffeffff]
[    0.000000] NODE_DATA(0) allocated [mem 0x3ffeb000-0x3ffeffff]
[    0.000000] kvm-clock: Using msrs 4b564d01 and 4b564d00
[    0.000000] kvm-clock: cpu 0, msr 0:3ffe3001, primary cpu clock
[    0.000000] kvm-clock: using sched offset of 3272187518 cycles
[    0.000000] clocksource: kvm-clock: mask: 0xffffffffffffffff max_cycles: 0x1cd42e4dffb, max_idle_ns: 881590591483 ns
[    0.000000] Zone ranges:
[    0.000000]   DMA      [mem 0x0000000000001000-0x0000000000ffffff]
[    0.000000]   DMA32    [mem 0x0000000001000000-0x000000003ffeffff]
[    0.000000]   Normal   empty
[    0.000000]   Device   empty
[    0.000000] Movable zone start for each node
[    0.000000] Early memory node ranges
[    0.000000]   node   0: [mem 0x0000000000001000-0x000000000009efff]
[    0.000000]   node   0: [mem 0x0000000000100000-0x000000003ffeffff]
[    0.000000] Initmem setup node 0 [mem 0x0000000000001000-0x000000003ffeffff]
[    0.000000] ACPI: PM-Timer IO Port: 0x4008
[    0.000000] IOAPIC[0]: apic_id 1, version 32, address 0xfec00000, GSI 0-23
[    0.000000] ACPI: INT_SRC_OVR (bus 0 bus_irq 0 global_irq 2 dfl dfl)
[    0.000000] ACPI: INT_SRC_OVR (bus 0 bus_irq 9 global_irq 9 high level)
[    0.000000] Using ACPI (MADT) for SMP configuration information
[    0.000000] smpboot: Allowing 1 CPUs, 0 hotplug CPUs
[    0.000000] PM: Registered nosave memory: [mem 0x00000000-0x00000fff]
[    0.000000] PM: Registered nosave memory: [mem 0x0009f000-0x0009ffff]
[    0.000000] PM: Registered nosave memory: [mem 0x000a0000-0x000effff]
[    0.000000] PM: Registered nosave memory: [mem 0x000f0000-0x000fffff]
[    0.000000] e820: [mem 0x40000000-0xfebfffff] available for PCI devices
[    0.000000] Booting paravirtualized kernel on KVM
[    0.000000] clocksource: refined-jiffies: mask: 0xffffffff max_cycles: 0xffffffff, max_idle_ns: 7645519600211568 ns
[    0.000000] setup_percpu: NR_CPUS:512 nr_cpumask_bits:512 nr_cpu_ids:1 nr_node_ids:1
[    0.000000] PERCPU: Embedded 33 pages/cpu @ffff88003fc00000 s98264 r8192 d28712 u2097152
[    0.000000] PV qspinlock hash table entries: 256 (order: 0, 4096 bytes)
[    0.000000] Built 1 zonelists in Node order, mobility grouping on.  Total pages: 257913
[    0.000000] Policy zone: DMA32
[    0.000000] Kernel command line: BOOT_IMAGE=/boot/vmlinuz-4.4.0-92-generic root=LABEL=cloudimg-rootfs ro console=tty1 console=ttyS0
[    0.000000] PID hash table entries: 4096 (order: 3, 32768 bytes)
[    0.000000] Memory: 1001876K/1048120K available (8474K kernel code, 1294K rwdata, 3984K rodata, 1488K init, 1316K bss, 46244K reserved, 0K cma-reserved)
[    0.000000] SLUB: HWalign=64, Order=0-3, MinObjects=0, CPUs=1, Nodes=1
[    0.000000] Hierarchical RCU implementation.
[    0.000000] 	Build-time adjustment of leaf fanout to 64.
[    0.000000] 	RCU restricting CPUs from NR_CPUS=512 to nr_cpu_ids=1.
[    0.000000] RCU: Adjusting geometry for rcu_fanout_leaf=64, nr_cpu_ids=1
[    0.000000] NR_IRQS:33024 nr_irqs:256 16
[    0.000000] Console: colour VGA+ 80x25
[    0.000000] console [tty1] enabled
[    0.000000] console [ttyS0] enabled
[    0.000000] tsc: Detected 2494.226 MHz processor
[    3.082457] Calibrating delay loop (skipped) preset value.. 4988.45 BogoMIPS (lpj=9976904)
[    3.096840] pid_max: default: 32768 minimum: 301
[    3.127104] ACPI: Core revision 20150930
[    3.159432] ACPI: 2 ACPI AML tables successfully acquired and loaded
[    3.193686] Security Framework initialized
[    3.240870] Yama: becoming mindful.
[    3.267943] AppArmor: AppArmor initialized
[    3.289723] Dentry cache hash table entries: 131072 (order: 8, 1048576 bytes)
[    3.321158] Inode-cache hash table entries: 65536 (order: 7, 524288 bytes)
[    3.364565] Mount-cache hash table entries: 2048 (order: 2, 16384 bytes)
[    3.409248] Mountpoint-cache hash table entries: 2048 (order: 2, 16384 bytes)
[    3.450838] Initializing cgroup subsys io
[    3.505645] Initializing cgroup subsys memory
[    3.530675] Initializing cgroup subsys devices
[    3.560675] Initializing cgroup subsys freezer
[    3.594402] Initializing cgroup subsys net_cls
[    3.601810] Initializing cgroup subsys perf_event
[    3.623648] Initializing cgroup subsys net_prio
[    3.630923] Initializing cgroup subsys hugetlb
[    3.651434] Initializing cgroup subsys pids
[    3.669129] CPU: Physical Processor ID: 0
[    3.689593] mce: CPU supports 0 MCE banks
[    3.704244] process: using mwait in idle threads
[    3.731207] Last level iTLB entries: 4KB 1024, 2MB 1024, 4MB 1024
[    3.748768] Last level dTLB entries: 4KB 1024, 2MB 1024, 4MB 1024, 1GB 4
[    3.797021] Freeing SMP alternatives memory: 32K (ffffffff820b9000 - ffffffff820c1000)
[    3.846970] ftrace: allocating 32131 entries in 126 pages
[    3.939882] smpboot: APIC(0) Converting physical 0 to logical package 0
[    3.983048] smpboot: Max logical packages: 1
[    4.000132] x2apic enabled
[    4.013937] Switched APIC routing to physical x2apic.
[    4.052867] ..TIMER: vector=0x30 apic1=0 pin1=2 apic2=-1 pin2=-1
[    4.185146] smpboot: CPU0: Intel(R) Core(TM) i5-4300U CPU @ 1.90GHz (family: 0x6, model: 0x45, stepping: 0x1)
[    4.231799] Performance Events: unsupported p6 CPU model 69 no PMU driver, software events only.
[    4.282450] KVM setup paravirtual spinlock
[    4.313497] x86: Booted up 1 node, 1 CPUs
[    4.344678] smpboot: Total of 1 processors activated (4988.45 BogoMIPS)
[    4.402217] devtmpfs: initialized
[    4.424161] evm: security.selinux
[    4.464624] evm: security.SMACK64
[    4.476778] evm: security.SMACK64EXEC
[    4.504951] evm: security.SMACK64TRANSMUTE
[    4.542231] evm: security.SMACK64MMAP
[    4.564324] evm: security.ima
[    4.579723] evm: security.capability
[    4.599679] clocksource: jiffies: mask: 0xffffffff max_cycles: 0xffffffff, max_idle_ns: 7645041785100000 ns
[    4.667083] futex hash table entries: 256 (order: 2, 16384 bytes)
[    4.688306] pinctrl core: initialized pinctrl subsystem
[    4.720623] RTC time:  7:25:20, date: 09/08/17
[    4.759906] NET: Registered protocol family 16
[    4.769118] cpuidle: using governor ladder
[    4.779655] cpuidle: using governor menu
[    4.792228] PCCT header not found.
[    4.819502] ACPI: bus type PCI registered
[    4.834720] acpiphp: ACPI Hot Plug PCI Controller Driver version: 0.5
[    4.872029] PCI: Using configuration type 1 for base access
[    4.924156] ACPI: Added _OSI(Module Device)
[    4.964671] ACPI: Added _OSI(Processor Device)
[    5.005372] ACPI: Added _OSI(3.0 _SCP Extensions)
[    5.034287] ACPI: Added _OSI(Processor Aggregator Device)
[    5.094079] ACPI: Executed 1 blocks of module-level executable AML code
[    5.153937] ACPI: Interpreter enabled
[    5.172271] ACPI: (supports S0 S5)
[    5.206110] ACPI: Using IOAPIC for interrupt routing
[    5.233413] PCI: Using host bridge windows from ACPI; if necessary, use "pci=nocrs" and report a bug
[    5.292505] ACPI: PCI Root Bridge [PCI0] (domain 0000 [bus 00-ff])
[    5.346741] acpi PNP0A03:00: _OSC: OS supports [ASPM ClockPM Segments MSI]
[    5.404056] acpi PNP0A03:00: _OSC failed (AE_NOT_FOUND); disabling ASPM
[    5.449721] acpi PNP0A03:00: fail to add MMCONFIG information, can't access extended PCI configuration space under this bridge.
[    5.549138] PCI host bridge to bus 0000:00
[    5.581428] pci_bus 0000:00: root bus resource [io  0x0000-0x0cf7 window]
[    5.640264] pci_bus 0000:00: root bus resource [io  0x0d00-0xffff window]
[    5.678386] pci_bus 0000:00: root bus resource [mem 0x000a0000-0x000bffff window]
[    5.734739] pci_bus 0000:00: root bus resource [mem 0x40000000-0xffdfffff window]
[    5.801740] pci_bus 0000:00: root bus resource [bus 00-ff]
[    5.849468] pci 0000:00:01.1: legacy IDE quirk: reg 0x10: [io  0x01f0-0x01f7]
[    5.872783] pci 0000:00:01.1: legacy IDE quirk: reg 0x14: [io  0x03f6]
[    5.903030] pci 0000:00:01.1: legacy IDE quirk: reg 0x18: [io  0x0170-0x0177]
[    5.943810] pci 0000:00:01.1: legacy IDE quirk: reg 0x1c: [io  0x0376]
[    6.023136] pci 0000:00:07.0: quirk: [io  0x4000-0x403f] claimed by PIIX4 ACPI
[    6.077801] pci 0000:00:07.0: quirk: [io  0x4100-0x410f] claimed by PIIX4 SMB
[    6.137753] ACPI: PCI Interrupt Link [LNKA] (IRQs 5 9 10 *11)
[    6.177306] ACPI: PCI Interrupt Link [LNKB] (IRQs 5 9 10 *11)
[    6.229225] ACPI: PCI Interrupt Link [LNKC] (IRQs 5 9 *10 11)
[    6.266306] ACPI: PCI Interrupt Link [LNKD] (IRQs 5 *9 10 11)
[    6.291791] ACPI: Enabled 2 GPEs in block 00 to 07
[    6.323138] vgaarb: setting as boot device: PCI:0000:00:02.0
[    6.349983] vgaarb: device added: PCI:0000:00:02.0,decodes=io+mem,owns=io+mem,locks=none
[    6.412945] vgaarb: loaded
[    6.430006] vgaarb: bridge control possible 0000:00:02.0
[    6.480047] SCSI subsystem initialized
[    6.508604] ACPI: bus type USB registered
[    6.517012] usbcore: registered new interface driver usbfs
[    6.556908] usbcore: registered new interface driver hub
[    6.611143] usbcore: registered new device driver usb
[    6.656083] PCI: Using ACPI for IRQ routing
[    6.685254] NetLabel: Initializing
[    6.708133] NetLabel:  domain hash size = 128
[    6.734062] NetLabel:  protocols = UNLABELED CIPSOv4
[    6.775117] NetLabel:  unlabeled traffic allowed by default
[    6.808072] amd_nb: Cannot enumerate AMD northbridges
[    6.843464] clocksource: Switched to clocksource kvm-clock
[    6.887742] AppArmor: AppArmor Filesystem Enabled
[    6.943167] pnp: PnP ACPI init
[    6.977269] pnp: PnP ACPI: found 3 devices
[    7.016275] clocksource: acpi_pm: mask: 0xffffff max_cycles: 0xffffff, max_idle_ns: 2085701024 ns
[    7.044614] NET: Registered protocol family 2
[    7.064434] TCP established hash table entries: 8192 (order: 4, 65536 bytes)
[    7.130562] TCP bind hash table entries: 8192 (order: 5, 131072 bytes)
[    7.186242] TCP: Hash tables configured (established 8192 bind 8192)
[    7.222693] UDP hash table entries: 512 (order: 2, 16384 bytes)
[    7.231991] UDP-Lite hash table entries: 512 (order: 2, 16384 bytes)
[    7.269074] NET: Registered protocol family 1
[    7.282573] pci 0000:00:00.0: Limiting direct PCI/PCI transfers
[    7.327587] pci 0000:00:01.0: Activating ISA DMA hang workarounds
[    7.360270] Unpacking initramfs...
[    9.479397] Freeing initrd memory: 10832K (ffff880036ac8000 - ffff88003755c000)
[    9.546947] RAPL PMU detected, API unit is 2^-32 Joules, 4 fixed counters 10737418240 ms ovfl timer
[    9.604923] hw unit of domain pp0-core 2^-0 Joules
[    9.658527] hw unit of domain package 2^-0 Joules
[    9.682919] hw unit of domain dram 2^-0 Joules
[    9.710736] hw unit of domain pp1-gpu 2^-0 Joules
[    9.750161] platform rtc_cmos: registered platform RTC device (no PNP device found)
[    9.813677] Scanning for low memory corruption every 60 seconds
[    9.858167] audit: initializing netlink subsys (disabled)
[    9.899026] audit: type=2000 audit(1504855523.981:1): initialized
[    9.946052] Initialise system trusted keyring
[    9.994576] HugeTLB registered 2 MB page size, pre-allocated 0 pages
[   10.071988] zbud: loaded
[   10.088503] VFS: Disk quotas dquot_6.6.0
[   10.115828] VFS: Dquot-cache hash table entries: 512 (order 0, 4096 bytes)
[   10.177701] squashfs: version 4.0 (2009/01/31) Phillip Lougher
[   10.236664] fuse init (API version 7.23)
[   10.276625] Key type big_key registered
[   10.305129] Allocating IMA MOK and blacklist keyrings.
[   10.347399] Key type asymmetric registered
[   10.392332] Asymmetric key parser 'x509' registered
[   10.410180] Block layer SCSI generic (bsg) driver version 0.4 loaded (major 249)
[   10.425289] io scheduler noop registered
[   10.437890] io scheduler deadline registered (default)
[   10.447446] io scheduler cfq registered
[   10.466285] pci_hotplug: PCI Hot Plug PCI Core version: 0.5
[   10.507457] pciehp: PCI Express Hot Plug Controller Driver version: 0.4
[   10.539654] ACPI: AC Adapter [AC] (on-line)
[   10.583381] input: Power Button as /devices/LNXSYSTM:00/LNXPWRBN:00/input/input0
[   10.642906] ACPI: Power Button [PWRF]
[   10.659498] input: Sleep Button as /devices/LNXSYSTM:00/LNXSLPBN:00/input/input1
[   10.705812] ACPI: Sleep Button [SLPF]
[   10.726750] ACPI: Battery Slot [BAT0] (battery present)
[   10.772847] tsc: Refined TSC clocksource calibration: 2493.893 MHz
[   10.800899] clocksource: tsc: mask: 0xffffffffffffffff max_cycles: 0x23f2b0a09ba, max_idle_ns: 440795228656 ns
[   10.854987] GHES: HEST is not enabled!
[   10.894000] Serial: 8250/16550 driver, 32 ports, IRQ sharing enabled
[   10.956835] 00:02: ttyS0 at I/O 0x3f8 (irq = 4, base_baud = 115200) is a 16550A
[   11.035141] Linux agpgart interface v0.103
[   11.065140] loop: module loaded
[   11.073763] scsi host0: ata_piix
[   11.113667] scsi host1: ata_piix
[   11.138013] ata1: PATA max UDMA/33 cmd 0x1f0 ctl 0x3f6 bmdma 0xd000 irq 14
[   11.182792] ata2: PATA max UDMA/33 cmd 0x170 ctl 0x376 bmdma 0xd008 irq 15
[   11.228753] libphy: Fixed MDIO Bus: probed
[   11.257515] tun: Universal TUN/TAP device driver, 1.6
[   11.298980] tun: (C) 1999-2004 Max Krasnyansky <maxk@qualcomm.com>
[   11.343590] PPP generic driver version 2.4.2
[   11.374370] ehci_hcd: USB 2.0 'Enhanced' Host Controller (EHCI) Driver
[   11.442295] ehci-pci: EHCI PCI platform driver
[   11.480793] ehci-platform: EHCI generic platform driver
[   11.503071] ohci_hcd: USB 1.1 'Open' Host Controller (OHCI) Driver
[   11.524261] ohci-pci: OHCI PCI platform driver
[   11.539506] ohci-platform: OHCI generic platform driver
[   11.552041] uhci_hcd: USB Universal Host Controller Interface driver
[   11.596254] i8042: PNP: PS/2 Controller [PNP0303:PS2K,PNP0f03:PS2M] at 0x60,0x64 irq 1,12
[   11.615315] serio: i8042 KBD port at 0x60,0x64 irq 1
[   11.628789] serio: i8042 AUX port at 0x60,0x64 irq 12
[   11.649935] mousedev: PS/2 mouse device common for all mice
[   11.654926] input: AT Translated Set 2 keyboard as /devices/platform/i8042/serio0/input/input2
[   11.667089] rtc_cmos rtc_cmos: rtc core: registered rtc_cmos as rtc0
[   11.678766] rtc_cmos rtc_cmos: alarms up to one day, 114 bytes nvram
[   11.683574] i2c /dev entries driver
[   11.686794] device-mapper: uevent: version 1.0.3
[   11.693742] device-mapper: ioctl: 4.34.0-ioctl (2015-10-28) initialised: dm-devel@redhat.com
[   11.721901] ledtrig-cpu: registered to indicate activity on CPUs
[   11.740406] NET: Registered protocol family 10
[   11.765677] NET: Registered protocol family 17
[   11.777865] Key type dns_resolver registered
[   11.782360] microcode: CPU0 sig=0x40651, pf=0x40, revision=0x0
[   11.799580] microcode: Microcode Update Driver: v2.01 <tigran@aivazian.fsnet.co.uk>, Peter Oruba
[   11.816775] registered taskstats version 1
[   11.833171] Loading compiled-in X.509 certificates
[   11.839908] Loaded X.509 cert 'Build time autogenerated kernel key: 01a2b0d0dba8d37a863918580fc16590a7d146c8'
[   11.875319] zswap: loaded using pool lzo/zbud
[   11.884777] Key type trusted registered
[   11.907860] Key type encrypted registered
[   11.917204] AppArmor: AppArmor sha1 policy hashing enabled
[   11.947926] ima: No TPM chip found, activating TPM-bypass!
[   11.991037] evm: HMAC attrs: 0x1
[   12.013768]   Magic number: 1:733:419
[   12.063727] rtc_cmos rtc_cmos: setting system clock to 2017-09-08 07:25:27 UTC (1504855527)
[   12.120177] BIOS EDD facility v0.16 2004-Jun-25, 0 devices found
[   12.143686] EDD information not available.
[   12.171011] Freeing unused kernel memory: 1488K (ffffffff81f45000 - ffffffff820b9000)
[   12.210692] Write protecting the kernel read-only data: 14336k
[   12.266481] Freeing unused kernel memory: 1752K (ffff88000184a000 - ffff880001a00000)
[   12.318644] Freeing unused kernel memory: 112K (ffff880001de4000 - ffff880001e00000)
Loading, please wait...
startin[   12.362226] random: udevadm: uninitialized urandom read (16 bytes read, 3 bits of entropy available)
g version 229
[   12.417221] random: systemd-udevd: uninitialized urandom read (16 bytes read, 3 bits of entropy available)
[   12.504490] random: udevadm: uninitialized urandom read (16 bytes read, 3 bits of entropy available)
[   12.572420] random: systemd-udevd: uninitialized urandom read (16 bytes read, 3 bits of entropy available)
[   12.632887] random: udevadm: uninitialized urandom read (16 bytes read, 3 bits of entropy available)
[   12.675142] random: systemd-udevd: uninitialized urandom read (16 bytes read, 3 bits of entropy available)
[   12.716236] random: udevadm: uninitialized urandom read (16 bytes read, 3 bits of entropy available)
[   12.756466] random: systemd-udevd: uninitialized urandom read (16 bytes read, 3 bits of entropy available)
[   12.790305] random: udevadm: uninitialized urandom read (16 bytes read, 3 bits of entropy available)
[   12.836828] random: udevadm: uninitialized urandom read (16 bytes read, 3 bits of entropy available)
[   12.989313] Fusion MPT base driver 3.04.20
[   13.009148] Copyright (c) 1999-2008 LSI Corporation
[   13.018482] e1000: Intel(R) PRO/1000 Network Driver - version 7.3.21-k8-NAPI
[   13.048428] e1000: Copyright (c) 1999-2006 Intel Corporation.
[   13.165968] AVX version of gcm_enc/dec engaged.
[   13.171661] AES CTR mode by8 optimization enabled
[   13.226411] Fusion MPT SPI Host driver 3.04.20
[   13.244173] mptbase: ioc0: Initiating bringup
[   13.281309] input: ImExPS/2 Generic Explorer Mouse as /devices/platform/i8042/serio1/input/input4
[   13.331873] ioc0: LSI53C1030 A0: Capabilities={Initiator}
[   13.532607] scsi host2: ioc0: LSI53C1030 A0, FwRev=00000000h, Ports=1, MaxQ=256, IRQ=20
[   13.705910] scsi 2:0:0:0: Direct-Access     VBOX     HARDDISK         1.0  PQ: 0 ANSI: 5
[   13.737191] scsi target2:0:0: Beginning Domain Validation
[   13.829165] scsi target2:0:0: Domain Validation skipping write tests
[   13.886204] scsi target2:0:0: Ending Domain Validation
[   14.002249] scsi target2:0:0: asynchronous
[   14.064911] scsi 2:0:1:0: Direct-Access     VBOX     HARDDISK         1.0  PQ: 0 ANSI: 5
[   14.212208] scsi target2:0:1: Beginning Domain Validation
[   14.285876] scsi target2:0:1: Domain Validation skipping write tests
[   14.308101] scsi target2:0:1: Ending Domain Validation
[   14.342742] scsi target2:0:1: asynchronous
[   14.373823] sd 2:0:0:0: Attached scsi generic sg0 type 0
[   14.387303] sd 2:0:0:0: [sda] 20971520 512-byte logical blocks: (10.7 GB/10.0 GiB)
[   14.402000] sd 2:0:0:0: [sda] Write Protect is off
[   14.426235] sd 2:0:1:0: [sdb] 20480 512-byte logical blocks: (10.5 MB/10.0 MiB)
[   14.456594] sd 2:0:1:0: Attached scsi generic sg1 type 0
[   14.484737] e1000 0000:00:03.0 eth0: (PCI:33MHz:32-bit) 02:21:85:d0:49:10
[   14.503350] e1000 0000:00:03.0 eth0: Intel(R) PRO/1000 Network Connection
[   14.537398] sd 2:0:0:0: [sda] Incomplete mode parameter data
[   14.552718] sd 2:0:0:0: [sda] Assuming drive cache: write through
[   14.579047] sd 2:0:1:0: [sdb] Write Protect is off
[   14.605055] sd 2:0:1:0: [sdb] Incomplete mode parameter data
[   14.620616] sd 2:0:1:0: [sdb] Assuming drive cache: write through
[   14.629122]  sda: sda1
[   14.642527] sd 2:0:0:0: [sda] Attached SCSI disk
[   14.650177] sd 2:0:1:0: [sdb] Attached SCSI disk
[   15.157550] e1000 0000:00:08.0 eth1: (PCI:33MHz:32-bit) 08:00:27:00:14:45
[   15.173030] e1000 0000:00:08.0 eth1: Intel(R) PRO/1000 Network Connection
[   15.200570] e1000 0000:00:03.0 enp0s3: renamed from eth0
[   15.214280] e1000 0000:00:08.0 enp0s8: renamed from eth1
[   16.120139] floppy0: no floppy controllers found
Begin: Loading e[   17.528481] md: linear personality registered for level -1
ssential drivers[   17.568599] md: multipath personality registered for level -4
 ... [   17.614784] md: raid0 personality registered for level 0
[   17.649312] md: raid1 personality registered for level 1
[   17.751624] raid6: sse2x1   gen()  7377 MB/s
[   17.860211] raid6: sse2x1   xor()  5896 MB/s
[   17.967766] raid6: sse2x2   gen()  9759 MB/s
[   18.075569] raid6: sse2x2   xor()  6703 MB/s
[   18.199674] raid6: sse2x4   gen() 11488 MB/s
[   18.299794] raid6: sse2x4   xor()  7735 MB/s
[   18.331411] raid6: using algorithm sse2x4 gen() 11488 MB/s
[   18.382647] raid6: .... xor() 7735 MB/s, rmw enabled
[   18.426800] raid6: using ssse3x2 recovery algorithm
[   18.454796] xor: automatically using best checksumming function:
[   18.555596]    avx       : 16951.000 MB/sec
[   18.577503] async_tx: api initialized (async)
[   18.625840] md: raid6 personality registered for level 6
[   18.652112] md: raid5 personality registered for level 5
[   18.683087] md: raid4 personality registered for level 4
[   18.730663] md: raid10 personality registered for level 10
done.
Begin: Running /scripts/init-premount ... done[   18.819091] Btrfs loaded
.
Begin: Mounting root file system ... Begin: Running /scripts/local-top ... do[   18.894718] EXT4-fs (sda1): mounted filesystem with ordered data mode. Opts: (null)
ne.
Begin: Running /scripts/local-premount ... Scanning for Btrfs filesystems
done.
Warning: fsck not present, so skipping root file system
done.
Begin: Running /scripts/local-bottom ... done.
Begin: Running /scripts/init-bottom ... done.
[   19.218279] systemd[1]: systemd 229 running in system mode. (+PAM +AUDIT +SELINUX +IMA +APPARMOR +SMACK +SYSVINIT +UTMP +LIBCRYPTSETUP +GCRYPT +GNUTLS +ACL +XZ -LZ4 +SECCOMP +BLKID +ELFUTILS +KMOD -IDN)
[   19.342844] systemd[1]: Detected virtualization oracle.
[   19.392158] systemd[1]: Detected architecture x86-64.

Welcome to [1mUbuntu 16.04.3 LTS[0m!

[   19.468563] systemd[1]: Set hostname to <ubuntu>.
[   19.520292] systemd[1]: Initializing machine ID from random generator.
[   19.594618] systemd[1]: Installed transient /etc/machine-id file.
[   19.787868] systemd[1]: Reached target Encrypted Volumes.
[[0;32m  OK  [0m] Reached target Encrypted Volumes.
[   19.852828] systemd[1]: Created slice User and Session Slice.
[[0;32m  OK  [0m] Created slice User and Session Slice.
[   19.919975] systemd[1]: Listening on Syslog Socket.
[[0;32m  OK  [0m] Listening on Syslog Socket.
[   20.035675] systemd[1]: Reached target Swap.
[[0;32m  OK  [0m] Reached target Swap.
[   20.120885] systemd[1]: Listening on LVM2 poll daemon socket.
[[0;32m  OK  [0m] Listening on LVM2 poll daemon socket.
[   20.184371] systemd[1]: Set up automount Arbitrary Executable File Formats File System Automount Point.
[[0;32m  OK  [0m] Set up automount Arbitrary Executab...ats File System Automount Point.
[   20.351768] systemd[1]: Listening on Journal Socket (/dev/log).
[[0;32m  OK  [0m] Listening on Journal Socket (/dev/log).
[   20.452632] systemd[1]: Started Forward Password Requests to Wall Directory Watch.
[[0;32m  OK  [0m] Started Forward Password Requests to Wall Directory Watch.
[   20.608391] systemd[1]: Created slice System Slice.
[[0;32m  OK  [0m] Created slice System Slice.
[   20.696405] systemd[1]: Created slice system-serial\x2dgetty.slice.
[[0;32m  OK  [0m] Created slice system-serial\x2dgetty.slice.
[   20.824102] systemd[1]: Reached target Slices.
[[0;32m  OK  [0m] Reached target Slices.
[   20.880857] systemd[1]: Started Trigger resolvconf update for networkd DNS.
[[0;32m  OK  [0m] Started Trigger resolvconf update for networkd DNS.
[   20.991803] systemd[1]: Listening on udev Control Socket.
[[0;32m  OK  [0m] Listening on udev Control Socket.
[   21.076389] systemd[1]: Listening on Journal Socket.
[[0;32m  OK  [0m] Listening on Journal Socket.
[   21.179107] systemd[1]: Starting Uncomplicated firewall...
         Starting Uncomplicated firewall...
[   21.313616] systemd[1]: Starting Load Kernel Modules...
         [   21.355947] Loading iSCSI transport class v2.0-870.
Starting Load Ke[   21.399398] random: nonblocking pool is initialized
rnel Modules...[   21.453651] iscsi: registered transport (tcp)

[   21.497890] systemd[1]: Mounting Huge Pages File System...
         Mounting Huge Pa[   21.568320] iscsi: registered transport (iser)
ges File System...
[   21.624439] systemd[1]: Mounting POSIX Message Queue File System...
         Mounting POSIX Message Queue File System...
[   21.724740] systemd[1]: Starting Remount Root and Kernel File Systems...
         [   21.774106] EXT4-fs (sda1): re-mounted. Opts: (null)
Starting Remount Root and Kernel File Systems...
[   21.876848] systemd[1]: Starting Nameserver information manager...
         Starting Nameserver information manager...
[   21.970181] systemd[1]: Starting Set console keymap...
         Starting Set console keymap...
[   22.031964] systemd[1]: Listening on Device-mapper event daemon FIFOs.
[[0;32m  OK  [0m] Listening on Device-mapper event daemon FIFOs.
[   22.136568] systemd[1]: Listening on Journal Audit Socket.
[[0;32m  OK  [0m] Listening on Journal Audit Socket.
[   22.261418] systemd[1]: Starting Journal Service...
         Starting Journal Service...
[   22.340075] systemd[1]: Listening on udev Kernel Socket.
[[0;32m  OK  [0m] Listening on udev Kernel Socket.
[   22.440081] systemd[1]: Listening on LVM2 metadata daemon socket.
[[0;32m  OK  [0m] Listening on LVM2 metadata daemon socket.
[   22.553136] systemd[1]: Starting Monitoring of LVM2 mirrors, snapshots etc. using dmeventd or progress polling...
         Starting Monitoring of LVM2 mirrors... dmeventd or progress polling...
[   22.733161] systemd[1]: Starting Create list of required static device nodes for the current kernel...
         Starting Create list of required st... nodes for the current kernel...
[   22.868325] systemd[1]: Listening on /dev/initctl Compatibility Named Pipe.
[[0;32m  OK  [0m] Listening on /dev/initctl Compatibility Named Pipe.
[   23.008562] systemd[1]: Reached target User and Group Name Lookups.
[[0;32m  OK  [0m] Reached target User and Group Name Lookups.
[   23.101091] systemd[1]: Mounting Debug File System...
         Mounting Debug File System...
[   23.166048] systemd[1]: Mounted Debug File System.
[[0;32m  OK  [0m] Mounted Debug File System.
[   23.228381] systemd[1]: Mounted POSIX Message Queue File System.
[[0;32m  OK  [0m] Mounted POSIX Message Queue File System.
[   23.343780] systemd[1]: Mounted Huge Pages File System.
[[0;32m  OK  [0m] Mounted Huge Pages File System.
[   23.440339] systemd[1]: Started Journal Service.
[[0;32m  OK  [0m] Started Journal Service.
[[0;32m  OK  [0m] Started Uncomplicated firewall.
[[0;32m  OK  [0m] Started Load Kernel Modules.
[[0;32m  OK  [0m] Started Remount Root and Kernel File Systems.
[[0;32m  OK  [0m] Started Set console keymap.
[[0;32m  OK  [0m] Started Create list of required sta...ce nodes for the current kernel.
[[0;32m  OK  [0m] Started Nameserver information manager.
[[0;32m  OK  [0m] Started LVM2 metadata daemon.
         Starting Create Static Device Nodes in /dev...
         Starting Load/Save Random Seed...
         Starting udev Coldplug all Devices...
         Starting Initial cloud-init job (pre-networking)...
         Mounting FUSE Control File System...
         Starting Apply Kernel Variables...
         Starting Flush Journal to Persistent Storage...
[[0;32m  OK  [0m] Mounted FUSE Control File System.
[[0;32m  OK  [0m] Started Monitoring of LVM2 mirrors,...ng dmeventd or progress polling.
[[0;32m  OK  [0m] Started Create Static Device Nodes in /dev.
[[0;32m  OK  [0m] Started Load/Save Random Seed.
[[0;32m  OK  [0m] Started Apply Kernel Variables.
[[0;32m  OK  [0m] Started udev Coldplug all Devices.
[[0;32m  OK  [0m] Started Flush Journal to Persistent Storage.
         Starting udev Kernel Device Manager...
[[0;32m  OK  [0m] Started udev Kernel Device Manager.
[[0;32m  OK  [0m] Started Dispatch Password Requests to Console Directory Watch.
[[0;32m  OK  [0m] Reached target Local File Systems (Pre).
[[0;32m  OK  [0m] Reached target Local File Systems.
         Starting Create Volatile Files and Directories...
         Starting Commit a transient machine-id on disk...
         Starting LSB: AppArmor initialization...
         Starting Tell Plymouth To Write Out Runtime Data...
         Starting Set console font and keymap...
[[0;32m  OK  [0m] Started Create Volatile Files and Directories.
[[0;32m  OK  [0m] Started Commit a transient machine-id on disk.
[[0;32m  OK  [0m] Started Tell Plymouth To Write Out Runtime Data.
[[0;32m  OK  [0m] Found device /dev/ttyS0.
         Starting Update UTMP about System Boot/Shutdown...
[[0;32m  OK  [0m] Reached target System Time Synchronized.
[   19.648630] cloud-init[455]: Cloud-init v. 0.7.9 running 'init-local' at Fri, 08 Sep 2017 07:25:40 +0000. Up 18.85 seconds.
[[0;32m  OK  [0m] Started Update UTMP about System Boot/Shutdown.
[[0;32m  OK  [0m] Started Set console font and keymap.
[[0;32m  OK  [0m] Started Initial cloud-init job (pre-networking).
[[0;32m  OK  [0m] Reached target Network (Pre).
[[0;32m  OK  [0m] Created slice system-getty.slice.
[[0;32m  OK  [0m] Listening on Load/Save RF Kill Switch Status /dev/rfkill Watch.
[[0;32m  OK  [0m] Started LSB: AppArmor initialization.
         Starting Raise network interfaces...
[[0;32m  OK  [0m] Started Raise network interfaces.
         Starting Initial cloud-init job (metadata service crawler)...
[[0;32m  OK  [0m] Reached target Network.
[   23.279907] cloud-init[938]: Cloud-init v. 0.7.9 running 'init' at Fri, 08 Sep 2017 07:25:44 +0000. Up 22.45 seconds.
[   23.361122] cloud-init[938]: ci-info: ++++++++++++++++++++++++++++++++++++++Net device info++++++++++++++++++++++++++++++++++++++
[   23.481284] cloud-init[938]: ci-info: +--------+-------+----------------------------+---------------+-------+-------------------+
[[   23.600229] cloud-init[938]: ci-info: | Device |   Up  |          Address           |      Mask     | Scope |     Hw-Address    |
[   23.600558] cloud-init[938]: ci-info: +--------+-------+----------------------------+---------------+-------+-------------------+
[   23.600629] cloud-init[938]: ci-info: | enp0s3 |  True |         10.0.2.15          | 255.255.255.0 |   .   | 02:21:85:d0:49:10 |
[   23.600689] cloud-init[938]: ci-info: | enp0s3 |  True | fe80::21:85ff:fed0:4910/64 |       .       |  link | 02:21:85:d0:49:10 |
[   23.600744] cloud-init[938]: ci-info: | enp0s8 | False |             .              |       .       |   .   | 08:00:27:00:14:45 |
[   23.600799] cloud-init[938]: ci-info: |   lo   |  True |         127.0.0.1          |   255.0.0.0   |   .   |         .         |
[   23.600857] cloud-init[938]: ci-info: |   lo   |  True |          ::1/128           |       .       |  host |         .         |
[   23.600912] cloud-init[938]: ci-info: +--------+-------+----------------------------+---------------+-------+-------------------+
[   23.600967] cloud-init[938]: ci-info: +++++++++++++++++++++++++++Route IPv4 info++++++++++++++++++++++++++++
[   23.601026] cloud-init[938]: ci-info: +-------+-------------+----------+---------------+-----------+-------+
[   23.601084] cloud-init[938]: ci-info: | Route | Destination | Gateway  |    Genmask    | Interface | Flags |
[   23.601139] cloud-init[938]: ci-info: +-------+-------------+----------+---------------+-----------+-------+
[   23.601195] cloud-init[938]: ci-info: |   0   |   0.0.0.0   | 10.0.2.2 |    0.0.0.0    |   enp0s3  |   UG  |
[   23.603450] cloud-init[938]: ci-info: |   1   |   10.0.2.0  | 0.0.0.0  | 255.255.255.0 |   enp0s3  |   U   |
[   23.603532] cloud-init[938]: ci-info: +-------+-------------+----------+---------------+-----------+-------+
[   23.603626] cloud-init[938]: Generating public/private rsa key pair.
[   23.603697] cloud-init[938]: Your identification has been saved in /etc/ssh/ssh_host_rsa_key.
[   23.603760] cloud-init[938]: Your public key has been saved in /etc/ssh/ssh_host_rsa_key.pub.
[   23.603820] cloud-init[938]: The key fingerprint is:
[   23.603883] cloud-init[938]: SHA256:Qnq9oxBmZIQwAYX3smM7KLMLtMZ/ngWpTjIxOZJ/8nY root@ubuntu-xenial
[   23.603952] cloud-init[938]: The key's randomart image is:
[   23.604015] cloud-init[938]: +---[RSA 2048]----+
[   23.604084] cloud-init[938]: |*=...            |
[   23.604146] cloud-init[938]: |..o.             |
[0;32m  OK  [0m] Started Initial cloud-init job (metadata service crawler).
[[0;32m  OK  [0m] Reached target Cloud-config availability.
[   23.604358] cloud-init[938]: | . .o .          |
[   26.085281] cloud-init[938]: | .oo.o..         |
[[0;32m  OK  [0m] Reached target System Initialization.
[   26.151389] cloud-init[938]: |o* o=oo S        |
[[0;32m  OK  [0m] Listening on UUID daemon activation socket.
[[0;32m  OK  [0m] Started Daily Cleanup of Temporary Directories.
         Starting Socket activation for snappy daemon.
[[0;32m  OK  [0m] Listening on ACPID Listen Socket.
[   26.267794] cloud-init[938]: |+.Oo.o.. .       |
[   26.540836] cloud-init[938]: |.Oo=o  .o        |
[[0;32m  OK  [0m] Started ACPI Events Check.
[[0;32m  OK  [0m] Reached target Paths.
[   26.598469] cloud-init[938]: |* O+.oE. .       |
[   26.781159] cloud-init[938]: |++ =++.          |
[[0;32m  OK  [0m] Started Timer to automatically refresh installed snaps.
[   26.830600] cloud-init[938]: +----[SHA256]-----+
[   26.937829] cloud-init[938]: Generating public/private dsa key pair.
         [   27.012669] cloud-init[938]: Your identification has been saved in /etc/ssh/ssh_host_dsa_key.
[   27.012928] cloud-init[938]: Your public key has been saved in /etc/ssh/ssh_host_dsa_key.pub.
[   27.013065] cloud-init[938]: The key fingerprint is:
[   27.013152] cloud-init[938]: SHA256:05a7qALSkpqC3wQWrclJyAg0pfOlmo+Fi7+KccTgzjc root@ubuntu-xenial
[   27.013232] cloud-init[938]: The key's randomart image is:
[   27.013323] cloud-init[938]: +---[DSA 1024]----+
[   27.013508] cloud-init[938]: |oo..             |
[   27.013596] cloud-init[938]: |+.o.             |
[   27.013671] cloud-init[938]: |++o ..           |
[   27.013746] cloud-init[938]: |.=o=o    . .     |
[   27.013842] cloud-init[938]: | +Xo    S +      |
[   27.014021] cloud-init[938]: |*o*.     o .     |
[   27.014161] cloud-init[938]: |+X.E.     .      |
[   27.014287] cloud-init[938]: |Bo*oo    . .     |
[   27.014464] cloud-init[938]: |=*+o..... .      |
[   27.014580] cloud-init[938]: +----[SHA256]-----+
[   27.014665] cloud-init[938]: Generating public/private ecdsa key pair.
[   27.014746] cloud-init[938]: Your identification has been saved in /etc/ssh/ssh_host_ecdsa_key.
[   27.014821] cloud-init[938]: Your public key has been saved in /etc/ssh/ssh_host_ecdsa_key.pub.
[   27.014983] cloud-init[938]: The key fingerprint is:
[   27.015066] cloud-init[938]: SHA256:vFRZiWClg+q28yU+zH3WRvwqbecrkvqJc8pGTLMLI7U root@ubuntu-xenial
[   27.015139] cloud-init[938]: The key's randomart image is:
[   27.015214] cloud-init[938]: +---[ECDSA 256]---+
[   27.015288] cloud-init[938]: |        oo....   |
[   27.015453] cloud-init[938]: |       o ..o.    |
[   27.015614] cloud-init[938]: |      . o o      |
[   27.015708] cloud-init[938]: |     ...oo       |
[   27.015815] cloud-init[938]: |    .. +So .     |
Starting LXD - unix socket.
[[0;32m  OK  [0m] Listening on D-Bus System Message Bus Socket.
[   27.017240] cloud-init[938]: |   .. E.+.  o    |
[   28.545118] cloud-init[938]: |    o+.=o. = .   |
[[0;32m  OK  [0m] Reached target Network is Online.
[[0;32m  OK  [0m] Started Daily apt download activities.
[[0;32m  OK  [0m] Started Daily apt upgrade and clean activities.
[[0;32m  OK  [0m] Reached target Timers.
         Starting iSCSI initiator daemon (iscsid)...
[[0;32m  OK  [0m] Listening on Socket activation for snappy daemon.
[   28.548888] cloud-init[938]: |   ..o++=.B.* o  |
[[0;32m  OK  [0m] Listening on LXD - unix socket.
[   28.807473] cloud-init[938]: |    .ooo=Oo=.=o. |
[   28.884388] cloud-init[938]: +----[SHA256]-----+
[[0;32m  OK  [0m] Started iSCSI initiator daemon (iscsid).
[   28.947654] cloud-init[938]: Generating public/private ed25519 key pair.
[   29.077468] cloud-init[938]: Your identification has been saved in /etc/ssh/ssh_host_ed25519_key.
         Starting Login to default iSCSI targets...
[[0;32m  OK  [0m] Reached target Sockets.
[   29.139838] cloud-init[938]: Your public key has been saved in /etc/ssh/ssh_host_ed25519_key.pub.
[[0;32m  OK  [0m] Reached target Basic System.
[   29.318323] cloud-init[938]: The key fingerprint is:
[   29.392645] cloud-init[938]: SHA256:P3hSWRP6mRBSWa7mWfOQxsJ8GeIS9b+xB9lujmKRQ+0 root@ubuntu-xenial
[[0;32m  OK  [0m] Started ACPI event daemon.
         Starting Apply the settings specified in cloud-config...
[[0;32m  OK  [0m] Started D-Bus System Message Bus.
[   29.447225] cloud-init[938]: The key's randomart image is:
[[0;32m  OK  [0m] Started Snappy daemon.
         Starting LXD - container startup/shutdown...
         Starting Login Service...
         Starting System Logging Service...
[[0;32m  OK  [0m] Started Deferred execution scheduler.
         Starting LSB: MD monitoring daemon...
[[0;32m  OK  [0m] Started FUSE filesystem for LXC.
[   29.563158] cloud-init[938]: +--[ED25519 256]--+
[   29.808444] cloud-init[938]: |        ..+oo    |
[   29.809142] cloud-init[938]: |         o.= .   |
[   29.809186] cloud-init[938]: |        . + *.   |
[   29.809224] cloud-init[938]: |         = O.O.o |
[   29.809254] cloud-init[938]: |        S X.&o= .|
[   29.809284] cloud-init[938]: |         B *++E* |
[   29.809315] cloud-init[938]: |        o *  o+ +|
[   29.809345] cloud-init[938]: |         o .o  = |
[   29.809745] cloud-init[938]: |           . .. .|
[   29.809804] cloud-init[938]: +----[SHA256]-----+
         Starting LSB: Record successful boot for GRUB...
[[0;32m  OK  [0m] Started Unattended Upgrades Shutdown.
         Starting Pollinate to seed the pseudo random number generator...
         Starting /etc/rc.local Compatibility...
         Starting Auto import assertions from block devices...
         Starting Accounts Service...
[[0;32m  OK  [0m] Started Regular background program processing daemon.
[[0;32m  OK  [0m] Started System Logging Service.
[[0;32m  OK  [0m] Started LXD - container startup/shutdown.
[[0;32m  OK  [0m] Started /etc/rc.local Compatibility.
[[0;32m  OK  [0m] Started Auto import assertions from block devices.
[[0;32m  OK  [0m] Started Login to default iSCSI targets.
[[0;32m  OK  [0m] Started LSB: Record successful boot for GRUB.
[[0;32m  OK  [0m] Started LSB: MD monitoring daemon.
[[0;32m  OK  [0m] Started Login Service.
         Starting Authenticate and Authorize Users to Run Privileged Tasks...
[[0;32m  OK  [0m] Reached target Remote File Systems (Pre).
[[0;32m  OK  [0m] Reached target Remote File Systems.
         Starting LSB: daemon to balance interrupts for SMP systems...
         Starting LSB: Set the CPU Frequency Scaling governor to "ondemand"...
         Starting LSB: automatic crash report generation...
         Starting LSB: VirtualBox Linux Additions...
         Starting Permit User Sessions...
[[0;32m  OK  [0m] Started Authenticate and Authorize Users to Run Privileged Tasks.
[[0;32m  OK  [0m] Started Permit User Sessions.
[[0;32m  OK  [0m] Started Accounts Service.
[[0;32m  OK  [0m] Started LSB: Set the CPU Frequency Scaling governor to "ondemand".
[[0;32m  OK  [0m] Started LSB: daemon to balance interrupts for SMP systems.
[[0;32m  OK  [0m] Started LSB: automatic crash report generation.
         Starting Terminate Plymouth Boot Screen...
         Starting Hold until boot process finishes up...
[[0;32m  OK  [0m] Started Terminate Plymouth Boot Screen.
[[0;32m  OK  [0m] Started Hold until boot process finishes up.
[[0;32m  OK  [0m] Started LSB: VirtualBox Linux Additions.
[[0;32m  OK  [0m] Started Getty on tty1.
[[0;32m  OK  [0m] Started Serial Getty on ttyS0.
[[0;32m  OK  [0m] Reached target Login Prompts.
         Starting Set console scheme...
[[0;32m  OK  [0m] Started Set console scheme.
[   31.716968] cloud-init[1043]: Generating locales (this might take a while)...
[   33.768860] cloud-init[1043]:   en_US.UTF-8... done
[   33.809391] cloud-init[1043]: Generation complete.
[[0;32m  OK  [0m] Stopped OpenBSD Secure Shell server.
         Starting OpenBSD Secure Shell server...
[[0;32m  OK  [0m] Started OpenBSD Secure Shell server.
[   34.414874] cloud-init[1043]: Cloud-init v. 0.7.9 running 'modules:config' at Fri, 08 Sep 2017 07:25:53 +0000. Up 31.41 seconds.
[[0;32m  OK  [0m] Started Apply the settings specified in cloud-config.

Ubuntu 16.04.3 LTS ubuntu-xenial ttyS0

ubuntu-xenial login: ci-info: no authorized ssh keys fingerprints found for user ubuntu.
<14>Sep  8 07:26:02 ec2: 
<14>Sep  8 07:26:02 ec2: #############################################################
<14>Sep  8 07:26:02 ec2: -----BEGIN SSH HOST KEY FINGERPRINTS-----
<14>Sep  8 07:26:02 ec2: 1024 SHA256:05a7qALSkpqC3wQWrclJyAg0pfOlmo+Fi7+KccTgzjc root@ubuntu-xenial (DSA)
<14>Sep  8 07:26:02 ec2: 256 SHA256:vFRZiWClg+q28yU+zH3WRvwqbecrkvqJc8pGTLMLI7U root@ubuntu-xenial (ECDSA)
<14>Sep  8 07:26:02 ec2: 256 SHA256:P3hSWRP6mRBSWa7mWfOQxsJ8GeIS9b+xB9lujmKRQ+0 root@ubuntu-xenial (ED25519)
<14>Sep  8 07:26:02 ec2: 2048 SHA256:Qnq9oxBmZIQwAYX3smM7KLMLtMZ/ngWpTjIxOZJ/8nY root@ubuntu-xenial (RSA)
<14>Sep  8 07:26:02 ec2: -----END SSH HOST KEY FINGERPRINTS-----
<14>Sep  8 07:26:02 ec2: #############################################################
-----BEGIN SSH HOST KEY KEYS-----
ecdsa-sha2-nistp256 AAAAE2VjZHNhLXNoYTItbmlzdHAyNTYAAAAIbmlzdHAyNTYAAABBBLBvjQAb65D3iF9sY/XAWkNNbnanK7i9gSXX9VWdodMt+0vdlskrBCWapdtRwXYjQCmqXLFP4HKJL+WVgWiLaWw= root@ubuntu-xenial
ssh-ed25519 AAAAC3NzaC1lZDI1NTE5AAAAIICyaYlh90BR7UtVFPAQsF1TJKJDYu8c0Me6Qfn8lfLD root@ubuntu-xenial
ssh-rsa AAAAB3NzaC1yc2EAAAADAQABAAABAQC2BDNoIrukxEGCHLHVKJGSXoyNhGEujMNBI1aqF7P77DtKu5q5vLX+e+G+mLudJrzdXMkpufT5650jz4n8hPvAAGjSIBiufYJRS8ryuImmFraYmgws1u6N6bsnN/8Z9JvsDo7jlFlR+Pr8jO1u2znIy/QeZxoiv+ImJV5wWidfDSO3HN5te1cooO8UBqxL8r+lzBF668lboTk8nZ+wjcWGyxLCMn0j4U/H8LgSwBOKeElJldadb6CMJQ+vtYAd6PaxbXXCApHc2tSZxb1aB8LrFsoT5vkHMLQtFhM5NMBBgxc47wLzNuEfHA1w6pNg+B/HuJ/YqkMo6FPtcvbOgutX root@ubuntu-xenial
-----END SSH HOST KEY KEYS-----
[   41.356442] cloud-init[1318]: Cloud-init v. 0.7.9 running 'modules:final' at Fri, 08 Sep 2017 07:26:02 +0000. Up 41.15 seconds.
[   41.356861] cloud-init[1318]: ci-info: no authorized ssh keys fingerprints found for user ubuntu.
[   41.356987] cloud-init[1318]: Cloud-init v. 0.7.9 finished at Fri, 08 Sep 2017 07:26:03 +0000. Datasource DataSourceNoCloud [seed=/dev/sdb][dsmode=net].  Up 41.34 seconds
